event_base_sha=71e2426d3eba5cb9aa9ba34948ad7485b1f93ede
event_github_sha=a3c0fac6f22f1647342d2224bf7db6e4617c4d24
fetched_merge_sha=a3c0fac6f22f1647342d2224bf7db6e4617c4d24
merge_base=71e2426d3eba5cb9aa9ba34948ad7485b1f93ede
changed_files:
.github/workflows/temp-east-a-r3-scope-diagnostic.yml
jichitai-compare/data/generated/municipalities.json
jichitai-compare/data/municipalities/19/19201.json
jichitai-compare/data/municipalities/19/19202.json
jichitai-compare/data/municipalities/19/19205.json
jichitai-compare/data/municipalities/19/19206.json
jichitai-compare/operations/audits/east-a-quality-improvement-second-audit-20260725.json
jichitai-compare/operations/control/session-checkpoints/east-a.json
jichitai-compare/operations/progress.json
jichitai-compare/operations/tasks/19201.json
jichitai-compare/operations/tasks/19202.json
jichitai-compare/operations/tasks/19204.json
jichitai-compare/operations/tasks/19205.json
jichitai-compare/operations/tasks/19206.json
check_scope_output:

> jichitai-compare-mvp@0.1.0 check:scope
> node ./scripts/check-change-scope.mjs

自治体比較PRに対象外ファイルが含まれています:
- .github/workflows/temp-east-a-r3-scope-diagnostic.yml
check_scope_status=1
