STAGE install-tools
✔︎ JSON API formula_tap_migrations.jws.json
✔︎ JSON API cask_tap_migrations.jws.json
==> Fetching downloads for: xcodegen
✔︎ Bottle Manifest xcodegen (2.45.4)
✔︎ Bottle xcodegen (2.45.4)
==> Pouring xcodegen--2.45.4.arm64_tahoe.bottle.tar.gz
🍺  /opt/homebrew/Cellar/xcodegen/2.45.4: 38 files, 7.4MB
==> Running `brew cleanup xcodegen`...
Disable this behaviour by setting `HOMEBREW_NO_INSTALL_CLEANUP=1`.
Hide these hints with `HOMEBREW_NO_ENV_HINTS=1` (see `man brew`).
==> `brew cleanup` has not been run in the last 30 days, running now...
Disable this behaviour by setting `HOMEBREW_NO_INSTALL_CLEANUP=1`.
Hide these hints with `HOMEBREW_NO_ENV_HINTS=1` (see `man brew`).
Removing: /Users/builder/Library/Caches/Homebrew/ada-url_bottle_manifest--3.4.4... (8.7KB)
Removing: /Users/builder/Library/Caches/Homebrew/ada-url--3.4.4... (345.6KB)
Removing: /Users/builder/Library/Caches/Homebrew/ant_bottle_manifest--1.10.17... (11.1KB)
Removing: /Users/builder/Library/Caches/Homebrew/ant--1.10.17... (8.9MB)
Removing: /Users/builder/Library/Caches/Homebrew/aom_bottle_manifest--3.13.3... (24.3KB)
Removing: /Users/builder/Library/Caches/Homebrew/aom--3.13.3... (4.2MB)
Removing: /Users/builder/Library/Caches/Homebrew/aria2_bottle_manifest--1.37.0_2... (16KB)
Removing: /Users/builder/Library/Caches/Homebrew/aria2--1.37.0_2... (1.7MB)
Removing: /Users/builder/Library/Caches/Homebrew/autoconf_bottle_manifest--2.73... (14.9KB)
Removing: /Users/builder/Library/Caches/Homebrew/autoconf--2.73... (1.1MB)
Removing: /Users/builder/Library/Caches/Homebrew/awscli_bottle_manifest--2.34.32... (22.7KB)
Removing: /Users/builder/Library/Caches/Homebrew/awscli--2.34.32... (22.8MB)
Removing: /Users/builder/Library/Caches/Homebrew/azure-cli_bottle_manifest--2.85.0... (23.9KB)
Removing: /Users/builder/Library/Caches/Homebrew/azure-cli--2.85.0... (36.7MB)
Removing: /Users/builder/Library/Caches/Homebrew/blake3_bottle_manifest--1.8.4... (7.4KB)
Removing: /Users/builder/Library/Caches/Homebrew/blake3--1.8.4... (23.8KB)
Removing: /Users/builder/Library/Caches/Homebrew/ca-certificates_bottle_manifest--2026-03-19... (2KB)
Removing: /Users/builder/Library/Caches/Homebrew/ca-certificates--2026-03-19... (132.4KB)
Removing: /Users/builder/Library/Caches/Homebrew/ccache_bottle_manifest--4.13.3... (16.6KB)
Removing: /Users/builder/Library/Caches/Homebrew/ccache--4.13.3... (656.9KB)
Removing: /Users/builder/Library/Caches/Homebrew/cmake_bottle_manifest--4.3.1... (11.7KB)
Removing: /Users/builder/Library/Caches/Homebrew/cmake--4.3.1... (19.2MB)
Removing: /Users/builder/Library/Caches/Homebrew/curl_bottle_manifest--8.19.0... (20.2KB)
Removing: /Users/builder/Library/Caches/Homebrew/curl--8.19.0... (1.6MB)
Removing: /Users/builder/Library/Caches/Homebrew/dav1d_bottle_manifest--1.5.3... (7.6KB)
Removing: /Users/builder/Library/Caches/Homebrew/dav1d--1.5.3... (364.6KB)
Removing: /Users/builder/Library/Caches/Homebrew/dos2unix_bottle_manifest--7.5.5... (7.7KB)
Removing: /Users/builder/Library/Caches/Homebrew/dos2unix--7.5.5... (147.2KB)
Removing: /Users/builder/Library/Caches/Homebrew/freetds_bottle_manifest--1.5.17... (15KB)
Removing: /Users/builder/Library/Caches/Homebrew/freetds--1.5.17... (5.4MB)
Removing: /Users/builder/Library/Caches/Homebrew/freetype_bottle_manifest--2.14.3... (9.4KB)
Removing: /Users/builder/Library/Caches/Homebrew/freetype--2.14.3... (996.4KB)
Removing: /Users/builder/Library/Caches/Homebrew/gettext_bottle_manifest--1.0... (13.7KB)
Removing: /Users/builder/Library/Caches/Homebrew/gettext--1.0... (10.2MB)
Removing: /Users/builder/Library/Caches/Homebrew/gh_bottle_manifest--2.90.0... (7.3KB)
Removing: /Users/builder/Library/Caches/Homebrew/gh--2.90.0... (13MB)
Removing: /Users/builder/Library/Caches/Homebrew/giflib_bottle_manifest--6.1.3... (7.7KB)
Removing: /Users/builder/Library/Caches/Homebrew/giflib--6.1.3... (143.2KB)
Removing: /Users/builder/Library/Caches/Homebrew/git_bottle_manifest--2.53.0_1... (21.8KB)
Removing: /Users/builder/Library/Caches/Homebrew/git--2.53.0_1... (22.5MB)
Removing: /Users/builder/Library/Caches/Homebrew/glib_bottle_manifest--2.88.0... (20.3KB)
Removing: /Users/builder/Library/Caches/Homebrew/glib--2.88.0... (9.3MB)
Removing: /Users/builder/Library/Caches/Homebrew/go_bottle_manifest--1.26.2... (7.5KB)
Removing: /Users/builder/Library/Caches/Homebrew/go--1.26.2... (64.0MB)
Removing: /Users/builder/Library/Caches/Homebrew/harfbuzz_bottle_manifest--14.2.0... (34.2KB)
Removing: /Users/builder/Library/Caches/Homebrew/harfbuzz--14.2.0... (3.6MB)
Removing: /Users/builder/Library/Caches/Homebrew/hdrhistogram_c_bottle_manifest--0.11.9-1... (7.8KB)
Removing: /Users/builder/Library/Caches/Homebrew/hdrhistogram_c--0.11.9... (43.6KB)
Removing: /Users/builder/Library/Caches/Homebrew/icu4c@78_bottle_manifest--78.3... (9.7KB)
Removing: /Users/builder/Library/Caches/Homebrew/icu4c@78--78.3... (31.8MB)
Removing: /Users/builder/Library/Caches/Homebrew/imagemagick_bottle_manifest--7.1.2-19... (72.3KB)
Removing: /Users/builder/Library/Caches/Homebrew/imagemagick--7.1.2-19... (11MB)
Removing: /Users/builder/Library/Caches/Homebrew/jpeg-turbo_bottle_manifest--3.1.4.1... (8.4KB)
Removing: /Users/builder/Library/Caches/Homebrew/jpeg-turbo--3.1.4.1... (1.1MB)
Removing: /Users/builder/Library/Caches/Homebrew/jpeg-xl_bottle_manifest--0.11.2... (22KB)
Removing: /Users/builder/Library/Caches/Homebrew/jpeg-xl--0.11.2... (13.8MB)
Removing: /Users/builder/Library/Caches/Homebrew/krb5_bottle_manifest--1.22.2... (16.3KB)
Removing: /Users/builder/Library/Caches/Homebrew/krb5--1.22.2... (1.3MB)
Removing: /Users/builder/Library/Caches/Homebrew/libavif_bottle_manifest--1.4.1... (26.0KB)
Removing: /Users/builder/Library/Caches/Homebrew/libavif--1.4.1... (345.2KB)
Removing: /Users/builder/Library/Caches/Homebrew/libde265_bottle_manifest--1.0.18... (7.4KB)
Removing: /Users/builder/Library/Caches/Homebrew/libde265--1.0.18... (174.6KB)
Removing: /Users/builder/Library/Caches/Homebrew/libheif_bottle_manifest--1.21.2_2... (20.3KB)
Removing: /Users/builder/Library/Caches/Homebrew/libheif--1.21.2_2... (2.6MB)
Removing: /Users/builder/Library/Caches/Homebrew/libnghttp2_bottle_manifest--1.69.0... (7.3KB)
Removing: /Users/builder/Library/Caches/Homebrew/libnghttp2--1.69.0... (231.4KB)
Removing: /Users/builder/Library/Caches/Homebrew/libnghttp3_bottle_manifest--1.15.0... (7.3KB)
Removing: /Users/builder/Library/Caches/Homebrew/libnghttp3--1.15.0... (188.8KB)
Removing: /Users/builder/Library/Caches/Homebrew/libngtcp2_bottle_manifest--1.22.1... (9.7KB)
Removing: /Users/builder/Library/Caches/Homebrew/libngtcp2--1.22.1... (393.2KB)
Removing: /Users/builder/Library/Caches/Homebrew/libpng_bottle_manifest--1.6.58... (8.6KB)
Removing: /Users/builder/Library/Caches/Homebrew/libpng--1.6.58... (459.8KB)
Removing: /Users/builder/Library/Caches/Homebrew/libpq_bottle_manifest--18.3-1... (21.1KB)
Removing: /Users/builder/Library/Caches/Homebrew/libpq--18.3... (8.0MB)
Removing: /Users/builder/Library/Caches/Homebrew/libsodium_bottle_manifest--1.0.22... (7.3KB)
Removing: /Users/builder/Library/Caches/Homebrew/libsodium--1.0.22... (408.8KB)
Removing: /Users/builder/Library/Caches/Homebrew/libssh2_bottle_manifest--1.11.1_1... (12.1KB)
Removing: /Users/builder/Library/Caches/Homebrew/libssh2--1.11.1_1... (422.9KB)
Removing: /Users/builder/Library/Caches/Homebrew/libtiff_bottle_manifest--4.7.1_1... (12.6KB)
Removing: /Users/builder/Library/Caches/Homebrew/libtiff--4.7.1_1... (1.9MB)
Removing: /Users/builder/Library/Caches/Homebrew/libunistring_bottle_manifest--1.4.2... (7.3KB)
Removing: /Users/builder/Library/Caches/Homebrew/libunistring--1.4.2... (1.9MB)
Removing: /Users/builder/Library/Caches/Homebrew/libuv_bottle_manifest--1.52.1... (7.5KB)
Removing: /Users/builder/Library/Caches/Homebrew/libuv--1.52.1... (375.7KB)
Removing: /Users/builder/Library/Caches/Homebrew/libvmaf_bottle_manifest--3.1.0... (7.7KB)
Removing: /Users/builder/Library/Caches/Homebrew/libvmaf--3.1.0... (1.1MB)
Removing: /Users/builder/Library/Caches/Homebrew/libx11_bottle_manifest--1.8.13... (14.4KB)
Removing: /Users/builder/Library/Caches/Homebrew/libx11--1.8.13... (2.3MB)
Removing: /Users/builder/Library/Caches/Homebrew/libxext_bottle_manifest--1.3.7... (11.5KB)
Removing: /Users/builder/Library/Caches/Homebrew/libxext--1.3.7... (109.6KB)
Removing: /Users/builder/Library/Caches/Homebrew/libzip_bottle_manifest--1.11.4_1... (11.4KB)
Removing: /Users/builder/Library/Caches/Homebrew/libzip--1.11.4_1... (144.8KB)
Removing: /Users/builder/Library/Caches/Homebrew/little-cms2_bottle_manifest--2.18... (12.2KB)
Removing: /Users/builder/Library/Caches/Homebrew/little-cms2--2.18... (434.8KB)
Removing: /Users/builder/Library/Caches/Homebrew/llhttp_bottle_manifest--9.3.1... (7.2KB)
Removing: /Users/builder/Library/Caches/Homebrew/llhttp--9.3.1... (36.7KB)
Removing: /Users/builder/Library/Caches/Homebrew/m4_bottle_manifest--1.4.21... (9.5KB)
Removing: /Users/builder/Library/Caches/Homebrew/m4--1.4.21... (282.7KB)
Removing: /Users/builder/Library/Caches/Homebrew/maven_bottle_manifest--3.9.15... (11.2KB)
Removing: /Users/builder/Library/Caches/Homebrew/maven--3.9.15... (9.3MB)
Removing: /Users/builder/Library/Caches/Homebrew/mercurial_bottle_manifest--7.2.1... (24.7KB)
Removing: /Users/builder/Library/Caches/Homebrew/mercurial--7.2.1... (3MB)
Removing: /Users/builder/Library/Caches/Homebrew/merve_bottle_manifest--1.2.2... (9.3KB)
Removing: /Users/builder/Library/Caches/Homebrew/merve--1.2.2... (33.3KB)
Removing: /Users/builder/Library/Caches/Homebrew/nbytes_bottle_manifest--0.1.4... (7.3KB)
Removing: /Users/builder/Library/Caches/Homebrew/nbytes--0.1.4... (13.3KB)
Removing: /Users/builder/Library/Caches/Homebrew/net-snmp_bottle_manifest--5.9.5.2... (16.3KB)
Removing: /Users/builder/Library/Caches/Homebrew/net-snmp--5.9.5.2... (3.9MB)
Removing: /Users/builder/Library/Caches/Homebrew/node_bottle_manifest--25.9.0_2... (33.7KB)
Removing: /Users/builder/Library/Caches/Homebrew/node--25.9.0_2... (18.4MB)
Removing: /Users/builder/Library/Caches/Homebrew/openexr_bottle_manifest--3.4.10... (16.8KB)
Removing: /Users/builder/Library/Caches/Homebrew/openexr--3.4.10... (1MB)
Removing: /Users/builder/Library/Caches/Homebrew/openjdk_bottle_manifest--25.0.2... (40KB)
Removing: /Users/builder/Library/Caches/Homebrew/openjdk--25.0.2... (217.9MB)
Removing: /Users/builder/Library/Caches/Homebrew/openjph_bottle_manifest--0.27.0... (13KB)
Removing: /Users/builder/Library/Caches/Homebrew/openjph--0.27.0... (159.4KB)
Removing: /Users/builder/Library/Caches/Homebrew/openldap_bottle_manifest--2.6.13... (27.3KB)
Removing: /Users/builder/Library/Caches/Homebrew/openldap--2.6.13... (3MB)
Removing: /Users/builder/Library/Caches/Homebrew/openssl@3_bottle_manifest--3.6.2... (12.0KB)
Removing: /Users/builder/Library/Caches/Homebrew/openssl@3--3.6.2... (10.9MB)
Removing: /Users/builder/Library/Caches/Homebrew/pcre2_bottle_manifest--10.47_1... (11.7KB)
Removing: /Users/builder/Library/Caches/Homebrew/pcre2--10.47_1... (2.4MB)
Removing: /Users/builder/Library/Caches/Homebrew/php_bottle_manifest--8.5.5... (65.5KB)
Removing: /Users/builder/Library/Caches/Homebrew/php--8.5.5... (28.4MB)
Removing: /Users/builder/Library/Caches/Homebrew/pyenv_bottle_manifest--2.6.27... (21.7KB)
Removing: /Users/builder/Library/Caches/Homebrew/pyenv--2.6.27... (1.4MB)
Removing: /Users/builder/Library/Caches/Homebrew/python@3.13_bottle_manifest--3.13.13... (28.3KB)
Removing: /Users/builder/Library/Caches/Homebrew/python@3.13--3.13.13... (18.4MB)
Removing: /Users/builder/Library/Caches/Homebrew/python@3.14_bottle_manifest--3.14.4... (31.4KB)
Removing: /Users/builder/Library/Caches/Homebrew/python@3.14--3.14.4... (19.1MB)
Removing: /Users/builder/Library/Caches/Homebrew/ruby_bottle_manifest--4.0.2... (18.4KB)
Removing: /Users/builder/Library/Caches/Homebrew/ruby--4.0.2... (17MB)
Removing: /Users/builder/Library/Caches/Homebrew/ruby-build_bottle_manifest--20260412... (4.3KB)
Removing: /Users/builder/Library/Caches/Homebrew/ruby-build--20260412... (78.2KB)
Removing: /Users/builder/Library/Caches/Homebrew/sentry-cli--3.4.0... (27.4MB)
Removing: /Users/builder/Library/Caches/Homebrew/simdjson_bottle_manifest--4.6.2... (7.3KB)
Removing: /Users/builder/Library/Caches/Homebrew/simdjson--4.6.2... (1.4MB)
Removing: /Users/builder/Library/Caches/Homebrew/simdutf_bottle_manifest--8.2.0... (8.7KB)
Removing: /Users/builder/Library/Caches/Homebrew/simdutf--8.2.0... (334.9KB)
Removing: /Users/builder/Library/Caches/Homebrew/sqlite_bottle_manifest--3.53.0... (11.8KB)
Removing: /Users/builder/Library/Caches/Homebrew/sqlite--3.53.0... (2.4MB)
Removing: /Users/builder/Library/Caches/Homebrew/swiftlint_bottle_manifest--0.63.2... (14.9KB)
Removing: /Users/builder/Library/Caches/Homebrew/swiftlint--0.63.2... (9.4MB)
Removing: /Users/builder/Library/Caches/Homebrew/tree_bottle_manifest--2.3.2... (7.5KB)
Removing: /Users/builder/Library/Caches/Homebrew/tree--2.3.2... (66.3KB)
Removing: /Users/builder/Library/Caches/Homebrew/x265_bottle_manifest--4.2... (7.6KB)
Removing: /Users/builder/Library/Caches/Homebrew/x265--4.2... (5.1MB)
Removing: /Users/builder/Library/Caches/Homebrew/xcbeautify_bottle_manifest--3.2.1... (8.8KB)
Removing: /Users/builder/Library/Caches/Homebrew/xcbeautify--3.2.1... (861KB)
Removing: /Users/builder/Library/Caches/Homebrew/xorgproto_bottle_manifest--2025.1... (13.1KB)
Removing: /Users/builder/Library/Caches/Homebrew/xorgproto--2025.1... (720KB)
Removing: /Users/builder/Library/Caches/Homebrew/xz_bottle_manifest--5.8.3... (11.8KB)
Removing: /Users/builder/Library/Caches/Homebrew/xz--5.8.3... (770.8KB)
Removing: /Users/builder/Library/Caches/Homebrew/yq_bottle_manifest--4.53.2... (7.4KB)
Removing: /Users/builder/Library/Caches/Homebrew/yq--4.53.2... (5.1MB)
Removing: /Users/builder/Library/Caches/Homebrew/zstd_bottle_manifest--1.5.7_1... (13.2KB)
Removing: /Users/builder/Library/Caches/Homebrew/zstd--1.5.7_1... (793.6KB)
Removing: /Users/builder/Library/Caches/Homebrew/libiconv--1.19... (1.6MB)
Removing: /Users/builder/Library/Caches/Homebrew/portable-ruby-4.0.2_1.arm64_big_sur.bottle.tar.gz... (12.7MB)
Removing: /Users/builder/Library/Caches/Homebrew/rtmpdump--2.6... (181KB)
Removing: /Users/builder/Library/Caches/Homebrew/rtmpdump_bottle_manifest--2.6-1... (10.1KB)
Removing: /Users/builder/Library/Caches/Homebrew/external_commands_list.txt... (11B)
Removing: /Users/builder/Library/Caches/Homebrew/python-packaging_bottle_manifest--26.0... (2KB)
Removing: /Users/builder/Library/Caches/Homebrew/libraw_bottle_manifest--0.22.0... (15.7KB)
Removing: /Users/builder/Library/Caches/Homebrew/all_commands_list.txt... (1.4KB)
Removing: /Users/builder/Library/Caches/Homebrew/libomp_bottle_manifest--21.1.8... (11.9KB)
Removing: /Users/builder/Library/Caches/Homebrew/libiconv_bottle_manifest--1.19... (5.3KB)
Removing: /Users/builder/Library/Caches/Homebrew/python@3.12_bottle_manifest--3.12.12_2-1... (28.3KB)
Removing: /Users/builder/Library/Caches/Homebrew/Cask/zulu26.28.59-ca-jdk26.0.0-macosx_aarch64.dmg--26.0.0,26.28.59.dmg... (231MB)
Removing: /Users/builder/Library/Caches/Homebrew/Cask/zulu21.48.17-ca-jdk21.0.10-macosx_aarch64.dmg--21.0.10,21.48.17.dmg... (208.7MB)
Removing: /Users/builder/Library/Caches/Homebrew/Cask/chromedriver-mac-arm64.zip--146.0.7680.72.zip... (8.5MB)
Removing: /Users/builder/Library/Caches/Homebrew/Cask/zulu8.92.0.21-ca-jdk8.0.482-macosx_aarch64.dmg--8.0.482,8.92.0.21.dmg... (106.8MB)
Removing: /Users/builder/Library/Caches/Homebrew/Cask/zulu11.86.21-ca-jdk11.0.30-macosx_aarch64.dmg--11.0.30,11.86.21.dmg... (195.6MB)
Removing: /Users/builder/Library/Caches/Homebrew/Cask/chromedriver-mac-arm64.zip--145.0.7632.77.zip... (8.4MB)
Removing: /Users/builder/Library/Caches/Homebrew/Cask/zulu17.64.17-ca-jdk17.0.18-macosx_aarch64.dmg--17.0.18,17.64.17.dmg... (195.3MB)
Removing: /Users/builder/Library/Caches/Homebrew/Cask/chromedriver-mac-arm64.zip--145.0.7632.76.zip... (8.4MB)
Removing: /Users/builder/Library/Caches/Homebrew/Cask/chromedriver-mac-arm64.zip--147.0.7727.57.zip... (8.6MB)
Removing: /Users/builder/Library/Caches/Homebrew/Cask/zulu25.32.21-ca-jdk25.0.2-macosx_aarch64.dmg--25.0.2,25.32.21.dmg... (227.3MB)
Removing: /Users/builder/Library/Caches/Homebrew/Cask/chromedriver-mac-arm64.zip--146.0.7680.153.zip... (8.5MB)
Removing: /Users/builder/Library/Logs/Homebrew/ant... (64B)
Removing: /Users/builder/Library/Logs/Homebrew/merve... (64B)
Removing: /Users/builder/Library/Logs/Homebrew/nbytes... (64B)
Removing: /Users/builder/Library/Logs/Homebrew/simdutf... (64B)
Removing: /Users/builder/Library/Logs/Homebrew/aria2... (64B)
Removing: /Users/builder/Library/Logs/Homebrew/aom... (64B)
Removing: /Users/builder/Library/Logs/Homebrew/libnghttp2... (64B)
Removing: /Users/builder/Library/Logs/Homebrew/libvmaf... (64B)
Removing: /Users/builder/Library/Logs/Homebrew/sentry-cli... (122B)
Removing: /Users/builder/Library/Logs/Homebrew/autoconf... (64B)
Removing: /Users/builder/Library/Logs/Homebrew/x265... (64B)
Removing: /Users/builder/Library/Logs/Homebrew/jpeg-turbo... (64B)
STAGE static-audit
static_audit: PASS
STAGE initial-xcodegen
⚙️  Generating plists...
⚙️  Generating project...
⚙️  Writing project...
Created project at /Users/builder/clone/clipboard-widget/ClipboardWidget.xcodeproj
STAGE build-number
Traceback (most recent call last):
  File "<stdin>", line 8, in <module>
  File "<frozen os>", line 714, in __getitem__
KeyError: 'CM_BUILD_NUMBER'
