download 111 mandatory: https://www.mhlw.go.jp/content/001677927.pdf
download 111 theory-a: https://www.mhlw.go.jp/content/001677928.pdf
download 111 theory-b: https://www.mhlw.go.jp/content/001677929.pdf
download 111 practical-a: https://www.mhlw.go.jp/content/001677930.pdf
download 111 practical-b: https://www.mhlw.go.jp/content/001677931.pdf
download 111 practical-c: https://www.mhlw.go.jp/content/001677932.pdf
download 110 mandatory: https://www.mhlw.go.jp/content/001455149.pdf
download 110 theory-a: https://www.mhlw.go.jp/content/001455152.pdf
download 110 theory-b: https://www.mhlw.go.jp/content/001455159.pdf
download 110 practical-a: https://www.mhlw.go.jp/content/001455160.pdf
download 110 practical-b: https://www.mhlw.go.jp/content/001455161.pdf
download 110 practical-c: https://www.mhlw.go.jp/content/001455162.pdf
download 109 mandatory: https://www.mhlw.go.jp/content/001226759.pdf
download 109 theory-a: https://www.mhlw.go.jp/content/001226760.pdf
download 109 theory-b: https://www.mhlw.go.jp/content/001226761.pdf
download 109 practical-a: https://www.mhlw.go.jp/content/001226762.pdf
download 109 practical-b: https://www.mhlw.go.jp/content/001226763.pdf
download 109 practical-c: https://www.mhlw.go.jp/content/001226764.pdf
{
  "schemaVersion": 1,
  "totalExpected": 1035,
  "totalDetected": 618,
  "exams": [
    {
      "exam": 111,
      "detected": 207,
      "expected": 345,
      "sources": [
        {
          "part": "mandatory",
          "range": [
            1,
            90
          ],
          "url": "https://www.mhlw.go.jp/content/001677927.pdf",
          "detected": 90,
          "missing": [],
          "extras": []
        },
        {
          "part": "theory-a",
          "range": [
            91,
            150
          ],
          "url": "https://www.mhlw.go.jp/content/001677928.pdf",
          "detected": 60,
          "missing": [],
          "extras": []
        },
        {
          "part": "theory-b",
          "range": [
            151,
            195
          ],
          "url": "https://www.mhlw.go.jp/content/001677929.pdf",
          "detected": 37,
          "missing": [
            154,
            155,
            157,
            158,
            160,
            161,
            167,
            168
          ],
          "extras": []
        },
        {
          "part": "practical-a",
          "range": [
            196,
            245
          ],
          "url": "https://www.mhlw.go.jp/content/001677930.pdf",
          "detected": 0,
          "missing": [
            196,
            197,
            198,
            199,
            200,
            201,
            202,
            203,
            204,
            205,
            206,
            207,
            208,
            209,
            210,
            211,
            212,
            213,
            214,
            215,
            216,
            217,
            218,
            219,
            220,
            221,
            222,
            223,
            224,
            225,
            226,
            227,
            228,
            229,
            230,
            231,
            232,
            233,
            234,
            235,
            236,
            237,
            238,
            239,
            240,
            241,
            242,
            243,
            244,
            245
          ],
          "extras": []
        },
        {
          "part": "practical-b",
          "range": [
            246,
            285
          ],
          "url": "https://www.mhlw.go.jp/content/001677931.pdf",
          "detected": 0,
          "missing": [
            246,
            247,
            248,
            249,
            250,
            251,
            252,
            253,
            254,
            255,
            256,
            257,
            258,
            259,
            260,
            261,
            262,
            263,
            264,
            265,
            266,
            267,
            268,
            269,
            270,
            271,
            272,
            273,
            274,
            275,
            276,
            277,
            278,
            279,
            280,
            281,
            282,
            283,
            284,
            285
          ],
          "extras": []
        },
        {
          "part": "practical-c",
          "range": [
            286,
            345
          ],
          "url": "https://www.mhlw.go.jp/content/001677932.pdf",
          "detected": 20,
          "missing": [
            286,
            287,
            288,
            289,
            290,
            291,
            292,
            293,
            294,
            295,
            296,
            297,
            298,
            299,
            300,
            301,
            302,
            303,
            304,
            305,
            306,
            307,
            308,
            309,
            310,
            311,
            312,
            313,
            314,
            315,
            316,
            317,
            318,
            319,
            320,
            321,
            322,
            323,
            324,
            325
          ],
          "extras": []
        }
      ]
    },
    {
      "exam": 110,
      "detected": 207,
      "expected": 345,
      "sources": [
        {
          "part": "mandatory",
          "range": [
            1,
            90
          ],
          "url": "https://www.mhlw.go.jp/content/001455149.pdf",
          "detected": 90,
          "missing": [],
          "extras": []
        },
        {
          "part": "theory-a",
          "range": [
            91,
            150
          ],
          "url": "https://www.mhlw.go.jp/content/001455152.pdf",
          "detected": 58,
          "missing": [
            120,
            121
          ],
          "extras": []
        },
        {
          "part": "theory-b",
          "range": [
            151,
            195
          ],
          "url": "https://www.mhlw.go.jp/content/001455159.pdf",
          "detected": 39,
          "missing": [
            156,
            157,
            162,
            163,
            165,
            166
          ],
          "extras": []
        },
        {
          "part": "practical-a",
          "range": [
            196,
            245
          ],
          "url": "https://www.mhlw.go.jp/content/001455160.pdf",
          "detected": 0,
          "missing": [
            196,
            197,
            198,
            199,
            200,
            201,
            202,
            203,
            204,
            205,
            206,
            207,
            208,
            209,
            210,
            211,
            212,
            213,
            214,
            215,
            216,
            217,
            218,
            219,
            220,
            221,
            222,
            223,
            224,
            225,
            226,
            227,
            228,
            229,
            230,
            231,
            232,
            233,
            234,
            235,
            236,
            237,
            238,
            239,
            240,
            241,
            242,
            243,
            244,
            245
          ],
          "extras": []
        },
        {
          "part": "practical-b",
          "range": [
            246,
            285
          ],
          "url": "https://www.mhlw.go.jp/content/001455161.pdf",
          "detected": 0,
          "missing": [
            246,
            247,
            248,
            249,
            250,
            251,
            252,
            253,
            254,
            255,
            256,
            257,
            258,
            259,
            260,
            261,
            262,
            263,
            264,
            265,
            266,
            267,
            268,
            269,
            270,
            271,
            272,
            273,
            274,
            275,
            276,
            277,
            278,
            279,
            280,
            281,
            282,
            283,
            284,
            285
          ],
          "extras": []
        },
        {
          "part": "practical-c",
          "range": [
            286,
            345
          ],
          "url": "https://www.mhlw.go.jp/content/001455162.pdf",
          "detected": 20,
          "missing": [
            286,
            287,
            288,
            289,
            290,
            291,
            292,
            293,
            294,
            295,
            296,
            297,
            298,
            299,
            300,
            301,
            302,
            303,
            304,
            305,
            306,
            307,
            308,
            309,
            310,
            311,
            312,
            313,
            314,
            315,
            316,
            317,
            318,
            319,
            320,
            321,
            322,
            323,
            324,
            325
          ],
          "extras": []
        }
      ]
    },
    {
      "exam": 109,
      "detected": 204,
      "expected": 345,
      "sources": [
        {
          "part": "mandatory",
          "range": [
            1,
            90
          ],
          "url": "https://www.mhlw.go.jp/content/001226759.pdf",
          "detected": 90,
          "missing": [],
          "extras": []
        },
        {
          "part": "theory-a",
          "range": [
            91,
            150
          ],
          "url": "https://www.mhlw.go.jp/content/001226760.pdf",
          "detected": 57,
          "missing": [
            120,
            121,
            122
          ],
          "extras": []
        },
        {
          "part": "theory-b",
          "range": [
            151,
            195
          ],
          "url": "https://www.mhlw.go.jp/content/001226761.pdf",
          "detected": 37,
          "missing": [
            154,
            155,
            157,
            158,
            165,
            166,
            167,
            168
          ],
          "extras": []
        },
        {
          "part": "practical-a",
          "range": [
            196,
            245
          ],
          "url": "https://www.mhlw.go.jp/content/001226762.pdf",
          "detected": 0,
          "missing": [
            196,
            197,
            198,
            199,
            200,
            201,
            202,
            203,
            204,
            205,
            206,
            207,
            208,
            209,
            210,
            211,
            212,
            213,
            214,
            215,
            216,
            217,
            218,
            219,
            220,
            221,
            222,
            223,
            224,
            225,
            226,
            227,
            228,
            229,
            230,
            231,
            232,
            233,
            234,
            235,
            236,
            237,
            238,
            239,
            240,
            241,
            242,
            243,
            244,
            245
          ],
          "extras": []
        },
        {
          "part": "practical-b",
          "range": [
            246,
            285
          ],
          "url": "https://www.mhlw.go.jp/content/001226763.pdf",
          "detected": 0,
          "missing": [
            246,
            247,
            248,
            249,
            250,
            251,
            252,
            253,
            254,
            255,
            256,
            257,
            258,
            259,
            260,
            261,
            262,
            263,
            264,
            265,
            266,
            267,
            268,
            269,
            270,
            271,
            272,
            273,
            274,
            275,
            276,
            277,
            278,
            279,
            280,
            281,
            282,
            283,
            284,
            285
          ],
          "extras": []
        },
        {
          "part": "practical-c",
          "range": [
            286,
            345
          ],
          "url": "https://www.mhlw.go.jp/content/001226764.pdf",
          "detected": 20,
          "missing": [
            286,
            287,
            288,
            289,
            290,
            291,
            292,
            293,
            294,
            295,
            296,
            297,
            298,
            299,
            300,
            301,
            302,
            303,
            304,
            305,
            306,
            307,
            308,
            309,
            310,
            311,
            312,
            313,
            314,
            315,
            316,
            317,
            318,
            319,
            320,
            321,
            322,
            323,
            324,
            325
          ],
          "extras": []
        }
      ]
    }
  ],
  "failures": [
    {
      "exam": 111,
      "part": "theory-b",
      "missing": [
        154,
        155,
        157,
        158,
        160,
        161,
        167,
        168
      ],
      "extras": [],
      "detected": 37
    },
    {
      "exam": 111,
      "part": "practical-a",
      "missing": [
        196,
        197,
        198,
        199,
        200,
        201,
        202,
        203,
        204,
        205,
        206,
        207,
        208,
        209,
        210,
        211,
        212,
        213,
        214,
        215,
        216,
        217,
        218,
        219,
        220,
        221,
        222,
        223,
        224,
        225,
        226,
        227,
        228,
        229,
        230,
        231,
        232,
        233,
        234,
        235,
        236,
        237,
        238,
        239,
        240,
        241,
        242,
        243,
        244,
        245
      ],
      "extras": [],
      "detected": 0
    },
    {
      "exam": 111,
      "part": "practical-b",
      "missing": [
        246,
        247,
        248,
        249,
        250,
        251,
        252,
        253,
        254,
        255,
        256,
        257,
        258,
        259,
        260,
        261,
        262,
        263,
        264,
        265,
        266,
        267,
        268,
        269,
        270,
        271,
        272,
        273,
        274,
        275,
        276,
        277,
        278,
        279,
        280,
        281,
        282,
        283,
        284,
        285
      ],
      "extras": [],
      "detected": 0
    },
    {
      "exam": 111,
      "part": "practical-c",
      "missing": [
        286,
        287,
        288,
        289,
        290,
        291,
        292,
        293,
        294,
        295,
        296,
        297,
        298,
        299,
        300,
        301,
        302,
        303,
        304,
        305,
        306,
        307,
        308,
        309,
        310,
        311,
        312,
        313,
        314,
        315,
        316,
        317,
        318,
        319,
        320,
        321,
        322,
        323,
        324,
        325
      ],
      "extras": [],
      "detected": 20
    },
    {
      "exam": 110,
      "part": "theory-a",
      "missing": [
        120,
        121
      ],
      "extras": [],
      "detected": 58
    },
    {
      "exam": 110,
      "part": "theory-b",
      "missing": [
        156,
        157,
        162,
        163,
        165,
        166
      ],
      "extras": [],
      "detected": 39
    },
    {
      "exam": 110,
      "part": "practical-a",
      "missing": [
        196,
        197,
        198,
        199,
        200,
        201,
        202,
        203,
        204,
        205,
        206,
        207,
        208,
        209,
        210,
        211,
        212,
        213,
        214,
        215,
        216,
        217,
        218,
        219,
        220,
        221,
        222,
        223,
        224,
        225,
        226,
        227,
        228,
        229,
        230,
        231,
        232,
        233,
        234,
        235,
        236,
        237,
        238,
        239,
        240,
        241,
        242,
        243,
        244,
        245
      ],
      "extras": [],
      "detected": 0
    },
    {
      "exam": 110,
      "part": "practical-b",
      "missing": [
        246,
        247,
        248,
        249,
        250,
        251,
        252,
        253,
        254,
        255,
        256,
        257,
        258,
        259,
        260,
        261,
        262,
        263,
        264,
        265,
        266,
        267,
        268,
        269,
        270,
        271,
        272,
        273,
        274,
        275,
        276,
        277,
        278,
        279,
        280,
        281,
        282,
        283,
        284,
        285
      ],
      "extras": [],
      "detected": 0
    },
    {
      "exam": 110,
      "part": "practical-c",
      "missing": [
        286,
        287,
        288,
        289,
        290,
        291,
        292,
        293,
        294,
        295,
        296,
        297,
        298,
        299,
        300,
        301,
        302,
        303,
        304,
        305,
        306,
        307,
        308,
        309,
        310,
        311,
        312,
        313,
        314,
        315,
        316,
        317,
        318,
        319,
        320,
        321,
        322,
        323,
        324,
        325
      ],
      "extras": [],
      "detected": 20
    },
    {
      "exam": 109,
      "part": "theory-a",
      "missing": [
        120,
        121,
        122
      ],
      "extras": [],
      "detected": 57
    },
    {
      "exam": 109,
      "part": "theory-b",
      "missing": [
        154,
        155,
        157,
        158,
        165,
        166,
        167,
        168
      ],
      "extras": [],
      "detected": 37
    },
    {
      "exam": 109,
      "part": "practical-a",
      "missing": [
        196,
        197,
        198,
        199,
        200,
        201,
        202,
        203,
        204,
        205,
        206,
        207,
        208,
        209,
        210,
        211,
        212,
        213,
        214,
        215,
        216,
        217,
        218,
        219,
        220,
        221,
        222,
        223,
        224,
        225,
        226,
        227,
        228,
        229,
        230,
        231,
        232,
        233,
        234,
        235,
        236,
        237,
        238,
        239,
        240,
        241,
        242,
        243,
        244,
        245
      ],
      "extras": [],
      "detected": 0
    },
    {
      "exam": 109,
      "part": "practical-b",
      "missing": [
        246,
        247,
        248,
        249,
        250,
        251,
        252,
        253,
        254,
        255,
        256,
        257,
        258,
        259,
        260,
        261,
        262,
        263,
        264,
        265,
        266,
        267,
        268,
        269,
        270,
        271,
        272,
        273,
        274,
        275,
        276,
        277,
        278,
        279,
        280,
        281,
        282,
        283,
        284,
        285
      ],
      "extras": [],
      "detected": 0
    },
    {
      "exam": 109,
      "part": "practical-c",
      "missing": [
        286,
        287,
        288,
        289,
        290,
        291,
        292,
        293,
        294,
        295,
        296,
        297,
        298,
        299,
        300,
        301,
        302,
        303,
        304,
        305,
        306,
        307,
        308,
        309,
        310,
        311,
        312,
        313,
        314,
        315,
        316,
        317,
        318,
        319,
        320,
        321,
        322,
        323,
        324,
        325
      ],
      "extras": [],
      "detected": 20
    }
  ]
}Extraction incomplete; refusing PASS.

