{
  "schemaVersion": 1,
  "scope": "general-390-canonical",
  "counts": {
    "115": {
      "total": 130,
      "normal": 122,
      "quarantined": 8,
      "sourceRepairResolved": 0,
      "missingExplanation": 0,
      "missingEvidence": 0,
      "missingDate": 0,
      "rightsMissing": 0,
      "answerMismatch": 0,
      "scoringMismatch": 0
    },
    "114": {
      "total": 130,
      "normal": 116,
      "quarantined": 14,
      "sourceRepairResolved": 0,
      "missingExplanation": 0,
      "missingEvidence": 0,
      "missingDate": 0,
      "rightsMissing": 0,
      "answerMismatch": 0,
      "scoringMismatch": 0
    },
    "113": {
      "total": 130,
      "normal": 119,
      "quarantined": 11,
      "sourceRepairResolved": 5,
      "missingExplanation": 0,
      "missingEvidence": 0,
      "missingDate": 0,
      "rightsMissing": 0,
      "answerMismatch": 0,
      "scoringMismatch": 0
    }
  },
  "total": 390,
  "duplicateIds": 0,
  "errorCount": 0,
  "errors": [],
  "pass": true,
  "releaseAllowed": false,
  "note": "Canonical content PASS does not release quarantined media/content/scoring items; rights and expert gates remain separate."
}
