=== 学びスプリント問題監査: 看護師国家試験｜一般390 canonical ===
問題数: 390/390
第1回: 一般=130/130
第2回: 一般=130/130
第3回: 一般=130/130

WARNINGS
- 同一論点の類似を要確認 0.84: K115-AM043 <-> K114-PM040

FAIL
- K113-AM027: 必須フィールド欠損 detail
- K113-AM027: 必須フィールド欠損 explanation_evidence_refs
- K113-AM034: 必須フィールド欠損 detail
- K113-AM034: 必須フィールド欠損 explanation_evidence_refs
- K113-AM035: 必須フィールド欠損 detail
- K113-AM035: 必須フィールド欠損 explanation_evidence_refs
- K113-AM046: 必須フィールド欠損 detail
- K113-AM046: 必須フィールド欠損 explanation_evidence_refs
- K113-AM061: 必須フィールド欠損 point
- K113-AM061: 必須フィールド欠損 detail
- K113-AM061: 必須フィールド欠損 explanation_evidence_refs
- K113-PM037: 必須フィールド欠損 detail
- K113-PM037: 必須フィールド欠損 explanation_evidence_refs
- K113-PM053: 必須フィールド欠損 point
- K113-PM053: 必須フィールド欠損 detail
- K113-PM053: 必須フィールド欠損 explanation_evidence_refs
- K113-PM054: 必須フィールド欠損 detail
- K113-PM054: 必須フィールド欠損 explanation_evidence_refs
- K113-PM057: 必須フィールド欠損 point
- K113-PM057: 必須フィールド欠損 detail
- K113-PM057: 必須フィールド欠損 explanation_evidence_refs
- K113-PM066: 必須フィールド欠損 detail
- K113-PM066: 必須フィールド欠損 explanation_evidence_refs
- K113-PM077: 必須フィールド欠損 detail
- K113-PM077: 必須フィールド欠損 explanation_evidence_refs
- K113-PM078: 必須フィールド欠損 point
- K113-PM078: 必須フィールド欠損 detail
- K113-PM078: 必須フィールド欠損 explanation_evidence_refs
- K113-PM090: 必須フィールド欠損 point
- K113-PM090: 必須フィールド欠損 detail
- K113-PM090: 必須フィールド欠損 explanation_evidence_refs
