{
  "schemaVersion": 1,
  "status": "PASS",
  "auditDate": "2026-08-14",
  "counts": {
    "requiredTotal": 150,
    "byExam": {
      "115": 50,
      "114": 50,
      "113": 50
    },
    "textCorrections": 18,
    "explanationsResolved": 150,
    "mediaDependent": 8,
    "scoringSpecial": 6,
    "expertReview": 2,
    "quarantinedUnique": 14,
    "releaseEligible": 136
  },
  "outputs": [
    "questions/exam-115/required.json",
    "questions/exam-114/required.json",
    "questions/exam-113/required.json"
  ],
  "errors": []
}
