{
  "schemaVersion": 1,
  "scope": "K115/K114/K113 required canonical 150",
  "auditDate": "2026-08-14",
  "status": "FAIL",
  "policy": "canonical JSON is final specialist source; batch-level PASS is not reused as final PASS",
  "counts": {
    "requiredTotal": 150,
    "byExam": {
      "115": 50,
      "114": 50,
      "113": 50
    },
    "answerMismatches": 0,
    "sourceAnswerTokenMismatches": 0,
    "explanationMissing": 0,
    "evidenceMissing": 0,
    "evidenceCheckedDateMissing": 0,
    "rightsBasisMissing": 0,
    "sourceAttributionMissing": 0,
    "classificationMissing": 0,
    "dynamicEvidencePending": 2,
    "exactDuplicateContent": 0,
    "highSimilarityPairs": 0,
    "mediaDependent": 8,
    "scoringSpecial": 6,
    "expertReview": 2,
    "quarantinedUnique": 14,
    "releaseEligible": 136
  },
  "quarantine": {
    "media": [
      "K113-AM023",
      "K113-PM021",
      "K114-AM013",
      "K114-PM019",
      "K115-AM013",
      "K115-AM016",
      "K115-AM022",
      "K115-PM020"
    ],
    "scoringSpecial": [
      "K113-AM005",
      "K113-AM023",
      "K113-AM025",
      "K113-PM002",
      "K113-PM011",
      "K113-PM021"
    ],
    "expertReview": [
      "K113-PM025",
      "K115-PM025"
    ]
  },
  "highSimilarity": [],
  "errors": [
    "choices_missing:K115-AM016",
    "choices_missing:K115-AM022",
    "choices_missing:K113-PM021",
    "dynamic_evidence_pending:['K113-PM004', 'K114-AM002']"
  ],
  "warnings": []
}
