{"total": 720, "statusCounts": {"high": 360, "low": 136, "unclassified": 211, "medium": 13}, "errorCount": 782, "pass": false}
K115-AM004: classification confidence low
K115-AM011: invalid/unclassified majorSubject None
K115-AM011: subject missing
K115-AM011: classification confidence unclassified
K115-AM012: invalid/unclassified majorSubject None
K115-AM012: subject missing
K115-AM012: classification confidence unclassified
K115-AM013: invalid/unclassified majorSubject None
K115-AM013: subject missing
K115-AM013: classification confidence unclassified
K115-AM015: invalid/unclassified majorSubject None
K115-AM015: subject missing
K115-AM015: classification confidence unclassified
K115-AM016: invalid/unclassified majorSubject None
K115-AM016: subject missing
K115-AM016: classification confidence unclassified
K115-AM021: invalid/unclassified majorSubject None
K115-AM021: subject missing
K115-AM021: classification confidence unclassified
K115-AM022: invalid/unclassified majorSubject None
K115-AM022: subject missing
K115-AM022: classification confidence unclassified
K115-AM027: invalid/unclassified majorSubject None
K115-AM027: subject missing
K115-AM027: classification confidence unclassified
K115-AM029: invalid/unclassified majorSubject None
K115-AM029: subject missing
K115-AM029: classification confidence unclassified
K115-AM032: classification confidence low
K115-AM033: invalid/unclassified majorSubject None
K115-AM033: subject missing
K115-AM033: classification confidence unclassified
K115-AM034: invalid/unclassified majorSubject None
K115-AM034: subject missing
K115-AM034: classification confidence unclassified
K115-AM035: invalid/unclassified majorSubject None
K115-AM035: subject missing
K115-AM035: classification confidence unclassified
K115-AM036: invalid/unclassified majorSubject None
K115-AM036: subject missing
K115-AM036: classification confidence unclassified
K115-AM037: classification confidence low
K115-AM039: invalid/unclassified majorSubject None
K115-AM039: subject missing
K115-AM039: classification confidence unclassified
K115-AM041: invalid/unclassified majorSubject None
K115-AM041: subject missing
K115-AM041: classification confidence unclassified
K115-AM042: classification confidence low
K115-AM046: classification confidence low
K115-AM047: classification confidence low
K115-AM049: invalid/unclassified majorSubject None
K115-AM049: subject missing
K115-AM049: classification confidence unclassified
K115-AM050: classification confidence low
K115-AM052: invalid/unclassified majorSubject None
K115-AM052: subject missing
K115-AM052: classification confidence unclassified
K115-AM053: invalid/unclassified majorSubject None
K115-AM053: subject missing
K115-AM053: classification confidence unclassified
K115-AM054: invalid/unclassified majorSubject None
K115-AM054: subject missing
K115-AM054: classification confidence unclassified
K115-AM056: invalid/unclassified majorSubject None
K115-AM056: subject missing
K115-AM056: classification confidence unclassified
K115-AM062: classification confidence low
K115-AM063: invalid/unclassified majorSubject None
K115-AM063: subject missing
K115-AM063: classification confidence unclassified
K115-AM067: invalid/unclassified majorSubject None
K115-AM067: subject missing
K115-AM067: classification confidence unclassified
K115-AM069: invalid/unclassified majorSubject None
K115-AM069: subject missing
K115-AM069: classification confidence unclassified
K115-AM070: classification confidence low
K115-AM071: invalid/unclassified majorSubject None
K115-AM071: subject missing
K115-AM071: classification confidence unclassified
K115-AM073: invalid/unclassified majorSubject None
K115-AM073: subject missing
K115-AM073: classification confidence unclassified
K115-AM074: invalid/unclassified majorSubject None
K115-AM074: subject missing
K115-AM074: classification confidence unclassified
K115-AM075: invalid/unclassified majorSubject None
K115-AM075: subject missing
K115-AM075: classification confidence unclassified
K115-AM076: classification confidence low
K115-AM077: invalid/unclassified majorSubject None
K115-AM077: subject missing
K115-AM077: classification confidence unclassified
K115-AM078: invalid/unclassified majorSubject None
K115-AM078: subject missing
K115-AM078: classification confidence unclassified
K115-AM081: classification confidence medium
K115-AM083: invalid/unclassified majorSubject None
K115-AM083: subject missing
K115-AM083: classification confidence unclassified
K115-AM084: invalid/unclassified majorSubject None
K115-AM084: subject missing
K115-AM084: classification confidence unclassified
K115-AM085: invalid/unclassified majorSubject None
K115-AM085: subject missing
K115-AM085: classification confidence unclassified
K115-AM088: invalid/unclassified majorSubject None
K115-AM088: subject missing
K115-AM088: classification confidence unclassified
K115-AM091: classification confidence low
K115-AM093: classification confidence low
K115-AM097: invalid/unclassified majorSubject None
K115-AM097: subject missing
K115-AM097: classification confidence unclassified
K115-AM100: classification confidence low
K115-AM102: classification confidence low
K115-AM106: classification confidence low
K115-AM108: classification confidence low
K115-AM109: invalid/unclassified majorSubject None
... and 662 more
