=== base ===
{"total": 720, "high": 389, "medium": 27, "low": 148, "unclassified": 156, "majorCounts": {"人体の構造と機能": 63, "健康支援と社会保障制度": 58, "地域・在宅看護論": 51, "基礎看護学": 97, "小児看護学": 23, "成人看護学": 34, "母性看護学": 57, "疾病の成り立ちと回復の促進": 78, "看護の統合と実践": 32, "精神看護学": 37, "老年看護学": 34}, "method": "semantic-keyword-v2-with-scenario"}
needsReview=331
=== refine-v3 ===
{"total": 720, "high": 525, "medium": 0, "low": 69, "unclassified": 126, "majorCounts": {"人体の構造と機能": 63, "健康支援と社会保障制度": 61, "地域・在宅看護論": 52, "基礎看護学": 79, "小児看護学": 48, "成人看護学": 53, "母性看護学": 56, "疾病の成り立ちと回復の促進": 79, "看護の統合と実践": 30, "精神看護学": 38, "老年看護学": 35}, "method": "semantic-refinement-v3"}
needsReview=195
=== refine-v4 ===
{"total": 720, "high": 589, "medium": 0, "low": 44, "unclassified": 87, "majorCounts": {"人体の構造と機能": 69, "健康支援と社会保障制度": 64, "地域・在宅看護論": 51, "基礎看護学": 93, "小児看護学": 49, "成人看護学": 57, "母性看護学": 58, "疾病の成り立ちと回復の促進": 83, "看護の統合と実践": 33, "精神看護学": 40, "老年看護学": 36}, "method": "refinement-v4"}
needsReview=131
=== refine-v5 ===
{"total": 720, "high": 643, "medium": 0, "low": 27, "unclassified": 50, "majorCounts": {"人体の構造と機能": 70, "健康支援と社会保障制度": 72, "地域・在宅看護論": 51, "基礎看護学": 98, "小児看護学": 52, "成人看護学": 68, "母性看護学": 61, "疾病の成り立ちと回復の促進": 87, "看護の統合と実践": 34, "精神看護学": 40, "老年看護学": 37}, "method": "refinement-v5"}
needsReview=77
=== validate ===
{"total": 720, "statusCounts": {"high": 643, "unclassified": 50, "low": 27}, "errorCount": 177, "pass": false}
K115-PM063: invalid/unclassified majorSubject None
K115-PM063: subject missing
K115-PM063: classification confidence unclassified
K115-PM081: classification confidence low
K115-PM112: invalid/unclassified majorSubject None
K115-PM112: subject missing
K115-PM112: classification confidence unclassified
K114-AM008: invalid/unclassified majorSubject None
K114-AM008: subject missing
K114-AM008: classification confidence unclassified
K114-AM013: invalid/unclassified majorSubject None
K114-AM013: subject missing
K114-AM013: classification confidence unclassified
K114-AM015: invalid/unclassified majorSubject None
K114-AM015: subject missing
K114-AM015: classification confidence unclassified
K114-AM017: classification confidence low
K114-AM019: invalid/unclassified majorSubject None
K114-AM019: subject missing
K114-AM019: classification confidence unclassified
K114-AM020: invalid/unclassified majorSubject None
K114-AM020: subject missing
K114-AM020: classification confidence unclassified
K114-AM021: invalid/unclassified majorSubject None
K114-AM021: subject missing
K114-AM021: classification confidence unclassified
K114-AM022: classification confidence low
K114-AM025: invalid/unclassified majorSubject None
K114-AM025: subject missing
K114-AM025: classification confidence unclassified
K114-AM026: invalid/unclassified majorSubject None
K114-AM026: subject missing
K114-AM026: classification confidence unclassified
K114-AM027: classification confidence low
K114-AM028: invalid/unclassified majorSubject None
K114-AM028: subject missing
K114-AM028: classification confidence unclassified
K114-AM074: invalid/unclassified majorSubject None
K114-AM074: subject missing
K114-AM074: classification confidence unclassified
K114-AM076: invalid/unclassified majorSubject None
K114-AM076: subject missing
K114-AM076: classification confidence unclassified
K114-AM079: invalid/unclassified majorSubject None
K114-AM079: subject missing
K114-AM079: classification confidence unclassified
K114-AM081: invalid/unclassified majorSubject None
K114-AM081: subject missing
K114-AM081: classification confidence unclassified
K114-AM084: invalid/unclassified majorSubject None
K114-AM084: subject missing
K114-AM084: classification confidence unclassified
K114-AM085: classification confidence low
K114-AM086: invalid/unclassified majorSubject None
K114-AM086: subject missing
K114-AM086: classification confidence unclassified
K114-AM087: classification confidence low
K114-AM089: invalid/unclassified majorSubject None
K114-AM089: subject missing
K114-AM089: classification confidence unclassified
K114-AM090: classification confidence low
K114-AM094: classification confidence low
K114-AM095: classification confidence low
K114-AM096: classification confidence low
K114-PM001: invalid/unclassified majorSubject None
K114-PM001: subject missing
K114-PM001: classification confidence unclassified
K114-PM003: invalid/unclassified majorSubject None
K114-PM003: subject missing
K114-PM003: classification confidence unclassified
K114-PM011: invalid/unclassified majorSubject None
K114-PM011: subject missing
K114-PM011: classification confidence unclassified
K114-PM013: invalid/unclassified majorSubject None
K114-PM013: subject missing
K114-PM013: classification confidence unclassified
K114-PM015: classification confidence low
K114-PM017: classification confidence low
K114-PM019: classification confidence low
K114-PM021: invalid/unclassified majorSubject None
K114-PM021: subject missing
K114-PM021: classification confidence unclassified
K114-PM022: invalid/unclassified majorSubject None
K114-PM022: subject missing
K114-PM022: classification confidence unclassified
K114-PM024: invalid/unclassified majorSubject None
K114-PM024: subject missing
K114-PM024: classification confidence unclassified
K114-PM026: classification confidence low
K114-PM028: invalid/unclassified majorSubject None
K114-PM028: subject missing
K114-PM028: classification confidence unclassified
K114-PM030: invalid/unclassified majorSubject None
K114-PM030: subject missing
K114-PM030: classification confidence unclassified
K114-PM031: invalid/unclassified majorSubject None
K114-PM031: subject missing
K114-PM031: classification confidence unclassified
K114-PM033: invalid/unclassified majorSubject None
K114-PM033: subject missing
K114-PM033: classification confidence unclassified
K114-PM034: classification confidence low
K114-PM035: invalid/unclassified majorSubject None
K114-PM035: subject missing
K114-PM035: classification confidence unclassified
K114-PM036: classification confidence low
K114-PM039: invalid/unclassified majorSubject None
K114-PM039: subject missing
K114-PM039: classification confidence unclassified
K114-PM046: invalid/unclassified majorSubject None
K114-PM046: subject missing
K114-PM046: classification confidence unclassified
K114-PM047: invalid/unclassified majorSubject None
K114-PM047: subject missing
K114-PM047: classification confidence unclassified
K114-PM048: invalid/unclassified majorSubject None
K114-PM048: subject missing
K114-PM048: classification confidence unclassified
K114-PM051: classification confidence low
K114-PM052: classification confidence low
... and 57 more
